I'm sorry, but errors were detected in your script. Please correct the
errors listed below, and try again.


File "game/script.rpy", line 2: expected statement.
    ﻿
     ^

Ren'Py Version: Ren'Py 7.0.0.196
Thu Jun 21 20:59:50 2018
